begin;
    -- disable logging to avoid cluttering the test output
    \set ECHO none
    -- Check that the auth_uid and auth_role columns are present
    select id, auth_uid, auth_role from audit.record_version;
 id | auth_uid | auth_role 
----+----------+-----------
(0 rows)

    create table public.xyz(id int primary key);
    select audit.enable_tracking('public.xyz'::regclass);
 enable_tracking 
-----------------
 
(1 row)

    insert into public.xyz(id) values(1);
    -- Check that defaults populate
    select
        op,
        auth_uid,
        auth_role
    from
        audit.record_version;
   op   |               auth_uid               | auth_role 
--------+--------------------------------------+-----------
 INSERT | 76f99606-1b3f-41d1-806d-358b34db3b32 | anon
(1 row)

rollback;
