begin;
    create table public.dummy(
        id int primary key
    );
    select audit.enable_tracking('public.dummy');
 enable_tracking 
-----------------
 
(1 row)

    select audit.disable_tracking('public.dummy');
 disable_tracking 
------------------
 
(1 row)

    select audit.disable_tracking('public.dummy');
psql:test/sql/disable_idempotent.sql:12: NOTICE:  trigger "audit_i_u_d" for relation "public.dummy" does not exist, skipping
psql:test/sql/disable_idempotent.sql:12: NOTICE:  trigger "audit_t" for relation "public.dummy" does not exist, skipping
 disable_tracking 
------------------
 
(1 row)

    select tgname
    from pg_trigger
    where tgrelid = 'public.dummy'::regclass;
 tgname 
--------
(0 rows)

rollback;
